// Jest Snapshot v1, https://goo.gl/fbAQLP

exports[`Expenses secureTrim secureTrim should remove fields that are not defined in the list of public fields: expenses-securetrim 1`] = `"[[{\\"id\\":\\"98925892-8d0c-4cd3-bdbd-e2249e15900f\\",\\"dateCreated\\":\\"2022-02-22T01:01:01.000Z\\",\\"userId\\":\\"98925892-8d0c-4cd3-bdbd-e2249e15900e\\",\\"merchantName\\":\\"Fred's\\",\\"currency\\":\\"DKK\\",\\"amount\\":\\"55.00\\"},{\\"id\\":\\"98925892-8d0c-4cd3-bdbd-e2249e15900d\\",\\"dateCreated\\":\\"2022-02-22T01:01:01.000Z\\",\\"userId\\":\\"98925892-8d0c-4cd3-bdbd-e2249e15900e\\",\\"merchantName\\":\\"Fred's\\",\\"currency\\":\\"DKK\\",\\"amount\\":\\"55.01\\"}],2]"`;
